version https://git-lfs.github.com/spec/v1
oid sha256:da33a84eef432a48bd9308745c5cdd2143f09a35a2d70a11aaaab3e9bd7f0f22
size 58
